[    0.000000] Linux version 4.15.0-76-generic (buildd@lcy01-amd64-029) (gcc version 7.4.0 (Ubuntu 7.4.0-1ubuntu1~18.04.1)) #86-Ubuntu SMP Fri Jan 17 17:24:28 UTC 2020 (Ubuntu 4.15.0-76.86-generic 4.15.18)
[    0.000000] Command line: BOOTIMAE=/bot/vmlinz-4.150-76-eneric root=LABEL=cloudimg-rootfs ro console=tty1 cnsolettyS0
[   0.000000] KERNEL supported cpus:
[    0.000000]   Intel GenuineIntel
[    .00000]   AMD uthenticAMD
    0000000]   Centaur CentaurHauls
[    0.000000] x86/fpu: Supporing XSAVE fature 0x001: 'x87 floating point registers'
[    0.00000] x86/fpu: Supporting XSAVE feature 0x002: 'SSE registers'
[   0.00000] x86/fpu: Supporing XSAVEfeature 0x004: 'AV registers'
[   0.00000] x86/fpu: xstate_offset[2]:  576, xstate_sizes[2:  256
[   0.000000] x86/fpu: Enabled xstate features 0x7, context size is 832 bytes, using 'standard' format.
[   0.000000] e820: BIOS-provided physical RAM map:
[    0.000000] BIOS-e820: [mem 0x0000000000000000-0x000000000009fbff] usable
[    0.000000] BIOS-e820: [mem 0x000000000009fc00-0000000000009ffff] reserved
[   0.000000] BIOS-e820: [mem 0x00000000000f0000-0x00000000000fffff] resered
[    0.000000] BIOS-e820: [mem 0x0000000000100000-0x000000003ffeffff] usable
[   0.000000] BIOS-e820: [mem 0x000000003fff0000-0x000000003fffffff] ACPI data
[    0.000000] BIOS-e820: [mem 0x00000000fec00000-0x00000000fec00fff] reserved
[   0.00000] BIOS-e820: [mem 0x00000000fee00000-0x00000000fee00fff] reserved
[   0.00000] BIOS-e820: [mem 0x00000000fffc0000-0x00000000ffffffff] reserved
[   0.000000] N (Exeute Disable) protection: active
[    0.00000] SMBIOS 2.5 present.
[    0.000000] DMI: innotek GmbH VirtualBox/VirtualBox, BIOS VirtualBox 12/01/2006
[    0.000000] Hpervisor detected: KVM
    000000] e820: last_pfn = 0x3fff0 max_arch_pfn = 0x400000000
[   0.000000] MTRR: Disabled
[   0.000000] x86/PAT: MTRRs disabled, skipping PAT initialization too.
[    0.000000] CPU MTRRs all blank - virtualized system.
[   0.000000] x86/PAT: Configuration [0-7] WB  WT UC- UC  WB  WT  UC- UC 
[    0.000000] found SMP MP-table at [mem0x000fff0-0x0009ffff]
[    0.000000] Scanning 1 areas for low memory corruption
[    0.000000] RAMDISK: [mem 0x35a6f000-0x36d2efff]
[    0.000000] ACPI: Early table checksum verification disabled
[    0.000000] ACPI: RSDP 0x00000000000E0000 000024 (v02 VBOX  )
[    0.000000] ACPI: XSDT 0x000000003FFF0030 00003C (v01 VBOX   VBOXXSDT 00000001 ASL  00000061)
[    0.000000] ACPI: FACP 0x000000003FFF00F0 0000F4 (v04 VBOX   VBOXFACP 00000001 ASL  00000061)
[    0.000000] ACPI: DSDT 0x000000003FFF0470 0021FF (v02 VBOX   VBOXBIOS 00000002 INTL 20100528)
[    0.000000] ACPI: FACS 0x000000003FFF0200 000040
[    0.000000] ACPI: FACS 0x000000003FFF0200 000040
[    0.000000] ACPI: APIC 0x000000003FFF0240 00005C (v02 VBOX   VBOXAPIC 00000001 ASL  00000061)
[    0.000000] ACPI: SSDT 0x000000003FFF02A0 0001CC (v01 VBOX   VBOXCPUT 00000002 INTL 20100528)
[    0.000000] No NUMA configuration found
[    0.000000] Faking a node at [mem 0x0000000000000000-0x000000003ffeffff]
[    0.000000] NODE_DATA(0) allocated [mem 0x3ffc5000-0x3ffeffff]
[    0.000000] kvm-clock: cpu 0, msr 0:3ff44001, primary cpu clock
[    0.000000] kvm-clock: Using msrs 4b564d01 and 4b564d00
[    0.000000] kvm-clock: using sched offset of 7254591805 cycles
[    0.000000] clocksource: kvm-clock: mask: 0xffffffffffffffff max_cycles: 0x1cd42e4dffb, max_idle_ns: 881590591483 ns
[    0.000000] Zone ranges:
[    0.000000]   DMA      [mem 0x0000000000001000-0x0000000000ffffff]
[    0.000000]   DMA32    [mem 0x0000000001000000-0x000000003ffeffff]
[    0.000000]   Normal   empty
[    0.000000]   Device   empty
[    0.000000] ovable zone start for each node
[    0.000000] Early memory node ranges
[    0.000000]   node   0: [mem 0x0000000000001000-0x0000000000099efff]
[    0.000000]   node   0: [mem 0x0000000000100000-0x000000003ffeffff]
[    0.000000] Reserved but unavailable: 98 pages
[    0.000000] Initmem setup node 0 [mem 0x0000000000001000-0x000000003ffeffff]
[    0.000000] ACPI: PM-Timer IO Port: 0x4008
[    0.000000] IOAPIC[0]: apic_id 2, version 32, address 0xfec00000, GSI 0-23
[    0.000000] ACPI: INT_SRC_OVR (bus 0 bus_irq 0 lobal_irq 2 dfl dfl)
[    .000000] ACPI: INT_SRC_OVR (bus 0 busirq 9 global_irq 9 low level)
[   0.000000] Using ACPI (MADT) for SMP configuration information
[    0.000000] smpboot: Allowing 2 CPUs, 0 hotplug CPUs
[   0.000000] PM: Registered nosave memory: [mem 0x00000000-0x00000fff]
[   0.000000] PM: Registered nosave memory: [mem 0x0009f000-0x0009ffff]
[   0.000000] P: Regsterednosve meory: [em 0x000a0000-0x000effff]
[    0.000000] PM: Registered nosave memory: [mem 0x000f0000-0x000fffff]
[    0.000000] e820: [mem 0x40000000-0xfebfffff] available for PCI devices
[    0.000000] Booting paravirtualized kernel on KVM
[    0.000000] clocksource: refined-jiffies: mask: 0xffffffff max_cycles: 0xffffffff, max_idle_ns: 7645519600211568 ns
[   0.00000] random: ge_ranom_ytes called from start_kernel+0x99/0x4d with crng_init=0
[    0.000000] setup_percpu: NR_CPUS:8192 nr_cpumask_bits:2 nr_cpu_ids:2 nr_node_ids:1
[    0.000000] percpu: Embedded 45 pages/cpu s147456 r8192 d28672 u1048576
[    0.000000] PV qspinlock hash table entries: 256 (order: 0, 4096 bytes)
[    0.000000] Built 1 zonelists, mobility grouping on.  Total pages: 257913
[    0.000000] Policy zone: DMA32
[    0.000000] Kernel command line: BOOT_IMAGE=/boot/vmlinuz-4.15.0-76-generic root=LABEL=cloudimg-rootfs ro console=tty1 console=ttyS0
[    0.000000] Memory: 983080K/1048120K available (12300K kernel code, 2481K rwdata, 4260K rodata, 2428K init, 2704K bss, 65040K reserved, 0K cma-reserved)
[    0.000000] SLUB: HWalign=64, Order=0-3, MinObjects=0, CPUs=2, Nodes=1
[    0.000000] Kernel/User page tables isolation: enabled
[    0.000000] ftrace: allocating 39322 entries in 154 pages
[    0.004000] Hierarchical RCU implementation.
[    0.004000] 	RCU restricting CPUs from NR_CPUS=8192 to nr_cpu_ids=2.
[    0.004000] 	Tasks RCU enabled.
[    0.004000] RCU: Adjusting geometry for rcu_fanout_leaf=16, nr_cpu_ids=2
[    0.004000] NR_IRQS: 524544, nr_irqs: 440, preallocated irqs: 16
[    0.004000] Console: colour VGA+ 80x25
[    0.004000] console [tty1] enabled
[    0.004000] console [ttyS0] enabled
[    0.004000] ACPI: Core revision 20170831
[    0.004000] ACPI: 2 ACPI AML tables successfully acquired and loaded
[    0.004000] APIC: Switch to symmetric I/O mode setup
[    0.004000] x2apic enabled
[    0.004000] Switched APIC routing to physical x2apic.
[    0.005940] ..TIMER: vector=0x30 apic1=0 pin1=2 apic2=-1 pin2=-1
[    0.008006] tsc: Detected 2400.000 MHz processor
[    0.009754] Calibrating delay loop (skipped) preset value.. 4800.00 BooMIPS (lpj=9600000)
[    0.012008] pid_max: default: 32768 minimum: 301
[    0.016132] Security Framework initialized
[    0.020031] Yama: becoming mindful.
[    0.021637] AppArmor: AppArmor initialized
[    0.024065] Dentry cache hash table entries: 131072 (order: 8, 1048576 bytes)
[    0.028111] Inode-cache hash table entries: 65536 (order: 7, 524288 bytes)
[    0.032030] Mount-cache hash table entries: 2048 (order: 2, 16384 bytes)
[    0.036016] Mountpoint-cache hash table entries: 2048 (order: 2, 16384 bytes)
[    0.040364] Last level iTLB entries: 4KB 64, 2MB 8, 4MB 8
[    0.044007] Last level dTLB entries: 4KB 64, 2MB 0, 4MB 0, 1GB 4
[    0.045680] Spectre V1 : Mitigation: usercopy/swapgs barriers and __user pointer sanitization
[    0.048004] Spectre V2 : Mitigation: Full generic retpoline
[    0.049569] Spectre V2 : Spectre v2 / SpectreRSB mitigation: Filling RSB on context switch
[    0.052006] Speculative Store Bypass: Vulnerable
[    0.056060] MDS: Vulnerable: Clear CPU buffers attempted, no microcode
[    0.060285] Freeing SMP alternatives memory: 36K
[    0.175369] smpboot: CPU0: Intel(R) Core(TM) i5-6200U CPU @ 2.30GHz (family: 0x6, model: 0x4e, stepping: 0x3)
[    0.176155] Performance Events: unsupported p6 CPU model 78 no PMU driver, software events only.
[    0.180173] Hierarchical SRCU implementation.
[    0.185198] NMI watchdog: Perf event create on CPU 0 failed with -2
[    0.188007] NMI watchdog: Perf NMI watchdog permanently disabled
[    0.192080] smp: Bringing up secondary CPUs ...
[    0.196135] x86: Booting SMP configuration:
[    0.200009] .... node  #0, CPUs:      #1
[    0.004000] kvm-clock: cpu 1, msr 0:3ff44041, secondary cpu clock
[    0.226551] smp: Brought up 1 node, 2 CPUs
[    0.228033] smpboot: Max logical packages: 1
[    0.230196] smpboot: Total of 2 processors activated (9600.00 BogoMIPS)
[    0.232179] devtmpfs: initialized
[    0.233111] x86/mm: Memory block size: 128MB
[    0.236262] evm: security.selinux
[    0.237476] evm: security.SMACK64
[    0.240004] evm: security.SMACK64EXEC
[    0.241377] evm: security.SMACK64TRANSMUTE
[    0.244006] evm: security.SMACK64MMAP
[    0.248012] evm: security.apparmor
[    0.252007] evm: security.ima
[    0.256006] evm: security.capability
[    0.260158] clocksource: jiffies: mask: 0xffffffff max_cycles: 0xffffffff, max_idle_ns: 7645041785100000 ns
[    0.264020] futex hash table entries: 512 (order: 3, 32768 bytes)
[    0.272013] pinctrl core: initialized pinctrl subsystem
[    0.273751] RTC time: 19:17:31, date: 02/18/20
[    0.280071] NET: Registered protocol family 16
[    0.284122] audit: initializing netlink subsys (disabled)
[    0.288066] audit: type=2000 audit(1582053455.190:1): state=initialized audit_enabled=0 res=1
[    0.296033] cpuidle: using governor ladder
[    0.300038] cpuidle: using governor menu
[    0.304133] ACPI: bus type PCI registered
[    0.308007] acpiphp: ACPI Hot Plug PCI Controller Driver version: 0.5
[    0.309889] PCI: Using configuration type 1 for base access
[    0.316115] HugeTLB registered 2.00 MiB page size, pre-allocated 0 pages
[    0.318111] ACPI: Added _OSI(Module Device)
[    0.320010] ACPI: Added _OSI(Processor Device)
[    0.321755] ACPI: Added _OSI(3.0 _SCP Extensions)
[    0.324009] ACPI: Added _OSI(Processor Aggregator Device)
[    0.328012] ACPI: Added _OSI(Linux-Dell-Video)
[    0.329889] ACPI: Added _OSI(Linux-Lenovo-NV-HDMI-Audio)
[    0.332012] ACPI: Added _OSI(Linux-HPI-Hybrid-Graphics)
[    0.336460] ACPI: Executed 1 blocks of module-level executable AML code
[    0.347504] ACPI: Interpreter enabled
[    0.348020] ACPI: (supports S0 S5)
[    0.349169] ACPI: Using IOAPIC for interrupt routing
[    0.352428] PCI: Using host bridge windows from ACPI; if necessary, use "pci=nocrs" and report a bug
[    0.356536] ACPI: Enabled 2 GPEs in block 00 to 07
[    0.369901] ACPI: PCI Root Bridge [PCI0] (domain 0000 [bus 00-ff])
[    0.372018] acpi PNP0A03:00: _OSC: OS supports [ASPM ClockPM Segments MSI]
[    0.373942] acpi PNP0A03:00: _OSC: not requesting OS control; OS requires [ExtendedConfig ASPM ClockPM MSI]
[    0.376016] acpi PNP0A03:00: fail to add MMCONFIG information, can't access extended PCI configuration space under this bridge.
[    0.380508] PCI host bridge to bus 0000:00
[    0.382239] pci_bus 0000:00: root bus resource [io  0x0000-0x0cf7 window]
[    0.384011] pci_bus 0000:00: root bus resource [io  0x0d00-0xffff window]
[    0.388010] pci_bus 0000:00: root bus resource [mem 0x000a0000-0x000bffff window]
[    0.392005] pci_bus 0000:00: root bus resource [mem 0x40000000-0xfdffffff window]
[    0.396009] pci_bus 0000:00: root bus resource [bus 00-ff]
[    0.404030] pci 0000:00:01.1: legacy IDE quirk: reg 0x10: [io  0x01f0-0x01f7]
[    0.408009] pci 0000:00:01.1: legacy IDE quirk: reg 0x14: [io  0x03f6]
[    0.412008] pci 0000:00:01.1: legacy IDE quirk: reg 0x18: [io  0x0170-0x0177]
[    0.416008] pci 0000:00:01.1: legacy IDE quirk: reg 0x1c: [io  0x0376]
[    0.442371] pci 0000:00:07.0: quirk: [io  0x4000-0x403f] claimed by PIIX4 ACPI
[    0.444027] pci 0000:00:07.0: quirk: [io  0x4100-0x410f] claimed by PIIX4 SMB
[    0.459634] ACPI: PCI Interrupt Link [LNKA] (IRQs 5 9 10 *11)
[    0.460593] ACPI: PCI Interrupt Link [LNKB] (IRQs 5 9 *10 11)
[    0.464599] ACPI: PCI Interrupt Link [LNKC] (IRQs 5 *9 10 11)
[    0.472366] ACPI: PCI Interrupt Link [LNKD] (IRQs 5 9 10 *11)
[    0.480982] SCSI subsystem initialized
[    0.488225] pci 0000:00:02.0: vgaarb: setting as boot VGA device
[    0.500007] pci 0000:00:02.0: vgaarb: VGA device added: decodes=io+mem,owns=io+mem,locks=none
[    0.536013] pci 0000:00:02.0: vgaarb: bridge control possible
[    0.540004] vgaarb: loaded
[    0.543049] ACPI: bus type USB registered
[    0.560063] usbcore: registered new interface driver usbfs
[    0.568020] usbcore: registered new interface driver hub
[    0.612064] usbcore: registered new device driver usb
[    0.616046] EDAC MC: Ver: 3.0.0
[    0.617284] PCI: Using ACPI for IRQ routing
[    0.617583] NetLabel: Initializing
[    0.617583] NetLabel:  domain hash size = 128
[    0.618492] NetLabel:  protocols = UNLABELED CIPSOv4 CALIPSO
[    0.620000] NetLabel:  unlabeled traffic allowed by default
[    0.624187] clocksource: Switched to clocksource kvm-clock
[    0.656184] VFS: Disk quotas dquot_6.6.0
[    0.664861] VFS: Dquot-cache hash table entries: 512 (order 0, 4096 bytes)
[    0.699127] AppArmor: AppArmor Filesystem Enabled
[    0.705313] pnp: PnP ACPI init
[    0.713449] pnp: PnP ACPI: found 3 devices
[    0.729781] clocksource: acpi_pm: mask: 0xffffff max_cycles: 0xffffff, max_idle_ns: 2085701024 ns
[    0.738908] NET: Registered protocol family 2
[    0.742158] TCP established hash table entries: 8192 (order: 4, 65536 bytes)
[    0.744976] TCP bind hash table entries: 8192 (order: 5, 131072 bytes)
[    0.751327] TCP: Hash tables configured (established 8192 bind 8192)
[    0.753950] UDP hash table entries: 512 (order: 2, 16384 bytes)
[    0.756478] UDP-Lite hash table entries: 512 (order: 2, 16384 bytes)
[    0.759087] NET: Registered protocol family 1
[    0.760968] pci 0000:00:00.0: Limiting direct PCI/PCI transfers
[    0.763284] pci 0000:00:01.0: Activating ISA DMA hang workarounds
[    0.766059] pci 0000:00:02.0: Video device with shadowed ROM at [mem 0x000c0000-0x000dffff]
[    0.769554] Unpacking initramfs...
[    1.256931] Freeing initrd memory: 19200K
[    1.279702] clocksource: tsc: mask: 0xffffffffffffffff max_cycles: 0x22983777dd9, max_idle_ns: 440795300422 ns
[    1.322724] platform rtc_cmos: registered platform RTC device (no PNP device found)
[    1.333537] Scanning for low memory corruption every 60 seconds
[    1.362567] Initialise system trusted keyrings
[    1.378755] Key type blacklist registered
[    1.380712] workingset: timestamp_bits=36 max_order=18 bucket_order=0
[    1.384528] zbud: loaded
[    1.386268] squashfs: version 4.0 (2009/01/31) Phillip Lougher
[    1.388196] fuse init (API version 7.26)
[    1.395699] Key type asymmetric registered
[    1.403288] Asymmetric key parser 'x509' registered
[    1.404858] Block layer SCSI generic (bsg) driver version 0.4 loaded (major 246)
[    1.407170] io scheduler noop registered
[    1.408429] io scheduler deadline registered
[    1.409819] io scheduler cfq registered (default)
[    1.456798] ACPI: AC Adapter [AC] (off-line)
[    1.492823] input: Power Button as /devices/LNXSYSTM:00/LNXPWRBN:00/input/input0
[    1.538525] ACPI: Power Button [PWRF]
[    1.572997] input: Sleep Button as /devices/LNXSYSTM:00/LNXSLPBN:00/input/input1
[    1.586127] ACPI: Sleep Button [SLPF]
[    1.612810] Serial: 8250/16550 driver, 32 ports, IRQ sharing enabled
[    1.616978] ACPI: Battery Slot [BAT0] (battery present)
[    1.651723] 00:02: ttyS0 at I/O 0x3f8 (irq = 4, base_baud = 115200) is a 16550A
[    1.675019] Linux agpgart interface v0.103
[    1.691620] loop: module loaded
[    1.697974] scsi host0: ata_piix
[    1.702633] scsi host1: ata_piix
[    1.707110] ata1: PATA max UDMA/33 cmd 0x1f0 ctl 0x3f6 bmdma 0xd000 irq 14
[    1.715950] ata2: PATA max UDMA/33 cmd 0x170 ctl 0x376 bmdma 0xd008 irq 15
[    1.724671] libphy: Fixed MDIO Bus: probed
[    1.728221] tun: Universal TUN/TAP device driver, 1.6
[    1.732197] PPP generic driver version 2.4.2
[    1.740162] ehci_hcd: USB 2.0 'Enhanced' Host Controller (EHCI) Driver
[    1.754884] ehci-pci: EHCI PCI platform driver
[    1.772990] ehci-platform: EHCI generic platform driver
[    1.779260] ohci_hcd: USB 1.1 'Open' Host Controller (OHCI) Driver
[    1.791071] ohci-pci: OHCI PCI platform driver
[    1.806290] ohci-platform: OHCI generic platform driver
[    1.821850] uhci_hcd: USB Universal Host Controller Interface driver
[    1.847739] i8042: PNP: PS/2 Controller [PNP0303:PS2K,PNP0f03:PS2M] at 0x60,0x64 irq 1,12
[    1.869898] serio: i8042 KBD port at 0x60,0x64 irq 1
[    1.872263] serio: i8042 AUX port at 0x60,0x64 irq 12
[    1.881664] mousedev: PS/2 mouse device common for all mice
[    1.902855] input: AT Translated Set 2 keyboard as /devices/platform/i8042/serio0/input/input2
[    1.908740] rtc_cmos rtc_cmos: rtc core: registered rtc_cmos as rtc0
[    1.911571] rtc_cmos rtc_cmos: alarms up to one day, 114 bytes nvram
[    1.914172] i2c /dev entries driver
[    1.922420] device-mapper: uevent: version 1.0.3
[    1.924941] device-mapper: ioctl: 4.37.0-ioctl (2017-09-20) initialised: dm-devel@redhat.com
[    1.928811] ledtrig-cpu: registered to indicate activity on CPUs
[    1.932465] NET: Registered protocol family 10
[    1.941182] Segment Routing with IPv6
[    1.942372] NET: Registered protocol family 17
[    1.943735] Key type dns_resolver registered
[    1.945403] mce: Using 0 MCE banks
[    1.946960] RAS: Correctable Errors collector initialized.
[    1.948597] sched_clock: Marking stable (1948568098, 0)->(6972355754, -5023787656)
[    1.951222] registered taskstats version 1
[    1.952811] Loading compiled-in X.509 certificates
[    1.957532] Loaded X.509 cert 'Build time autogenerated kernel key: 665cd2b89e03521f57c41865f552ebce30a0c7fb'
[    1.967218] zswap: loaded using pool lzo/zbud
[    1.977496] Key type big_key registered
[    1.980221] Key type trusted registered
[    2.010824] Key type encrypted registered
[    2.012586] AppArmor: AppArmor sha1 policy hashing enabled
[    2.014982] ima: No TPM chip found, activating TPM-bypass! (rc=-19)
[    2.018303] ima: Allocated hash algorithm: sha1
[    2.020496] evm: HMAC attrs: 0x1
[    2.022374]   Magic number: 8:64:294
[    2.024107] ata_device dev2.0: hash matches
[    2.032839]  dev2.0: hash matches
[    2.034157] misc hpet: hash matches
[    2.035811] tty tty27: hash matches
[    2.039694] rtc_cmos rtc_cmos: setting system clock to 2020-02-18 19:17:33 UTC (1582053453)
[    2.044721] BIOS EDD facility v0.16 2004-Jun-25, 0 devices found
[    2.062322] EDD information not available.
[    2.076340] Freeing unused kernel image memory: 2428K
[    2.092356] Write protecting the kernel read-only data: 20480k
[    2.103447] Freeing unused kernel image memory: 2008K
[    2.123567] Freeing unused kernel image memory: 1884K
[    2.146907] x86/mm: Checked W+X mappings: passed, no W+X pages found.
[    2.157109] x86/mm: Checking user space page tables
[    2.173496] x86/mm: Checked W+X mappings: passed, no W+X pages found.
Loading, please wait...
starting version 237
[    2.299887] Fusion MPT base driver 3.04.20
[    2.301495] Copyright (c) 1999-2008 LSI Corporation
[    2.346867] e1000: Intel(R) PRO/1000 Network Driver - version 7.3.21-k8-NAPI
[    2.349286] e1000: Copyright (c) 1999-2006 Intel Corporation.
[    2.358825] AVX2 version of gcm_enc/dec engaged.
[    2.361007] AES CTR mode by8 optimization enabled
[    2.373032] Fusion MPT SPI Host driver 3.04.20
[    2.548708] input: ImExPS/2 Generic Explorer Mouse as /devices/platform/i8042/serio1/input/input4
[    2.851735] e1000 0000:00:03.0 eth0: (PCI:33MHz:32-bit) 02:b4:6b:8c:b8:1a
[    3.329465] e1000 0000:00:03.0 eth0: Intel(R) PRO/1000 Network Connection
[    3.333171] mptbase: ioc0: Initiating bringup
[    3.334166] e1000 0000:00:03.0 enp0s3: renamed from eth0
[    3.459005] ioc0: LSI53C1030 A0: Capabilities={Initiator}
[    4.633780] scsi host2: ioc0: LSI53C1030 A0, FwRev=00000000h, Ports=1, MaxQ=256, IRQ=20
[    5.351480] scsi 2:0:0:0: Direct-Access     VBOX     HARDDISK         1.0  PQ: 0 ANSI: 5
[    5.669536] scsi target2:0:0: Beginning Domain Validation
[    5.725426] scsi target2:0:0: Domain Validation skipping write tests
[    5.734210] scsi target2:0:0: Ending Domain Validation
[    7.549888] scsi target2:0:0: asynchronous
[    7.713713] scsi 2:0:1:0: Direct-Access     VBOX     HARDDISK         1.0  PQ: 0 ANSI: 5
[    9.159722] scsi target2:0:1: Beginning Domain Validation
[    9.232917] random: fast init done
[    9.582549] scsi target2:0:1: Domain Validation skipping write tests
[   11.713535] scsi target2:0:1: Ending Domain Validation
[   11.726522] scsi target2:0:1: asynchronous
[   12.730581] random: systemd-udevd: uninitialized urandom read (16 bytes read)
[   12.730968] sd 2:0:0:0: [sda] 20971520 512-byte logical blocks: (10.7 GB/10.0 GiB)
[   12.733624] random: systemd-udevd: uninitialized urandom read (16 bytes read)
[   12.736290] sd 2:0:0:0: [sda] Write Protect is off
[   12.738613] random: systemd-udevd: uninitialized urandom read (16 bytes read)
[   12.742608] sd 2:0:0:0: Attached scsi generic sg0 type 0
[   12.745244] sd 2:0:0:0: [sda] Incomplete mode parameter data
[   12.745332] sd 2:0:1:0: Attached scsi generic sg1 type 0
[   12.747496] sd 2:0:0:0: [sda] Assuming drive cache: write through
[   12.758003] sd 2:0:1:0: [sdb] 20480 512-byte logical blocks: (10.5 MB/10.0 MiB)
[   12.846006] sd 2:0:1:0: [sdb] Write Protect is off
[   12.851484] sd 2:0:1:0: [sdb] Incomplete mode parameter data
[   12.853899] sd 2:0:1:0: [sdb] Assuming drive cache: write through
[   12.901131]  sda: sda1
[   12.903990] sd 2:0:0:0: [sda] Attached SCSI disk
[   12.946227] sd 2:0:1:0: [sdb] Attached SCSI disk
Begin: Loading essential drivers ... [   15.236967] raid6: sse2x1   gen()  6909 MB/s
[   15.284796] raid6: sse2x1   xor()  4762 MB/s
[   15.360026] raid6: sse2x2   gen()  5424 MB/s
[   15.416578] raid6: sse2x2   xor()  2201 MB/s
[   15.468338] raid6: sse2x4   gen()  4837 MB/s
[   15.528818] raid6: sse2x4   xor()  5082 MB/s
[   15.580521] raid6: avx2x1   gen() 14735 MB/s
[   15.636143] raid6: avx2x1   xor()  9414 MB/s
[   15.692808] raid6: avx2x2   gen() 13033 MB/s
[   15.744471] raid6: avx2x2   xor()  9412 MB/s
[   15.796203] raid6: avx2x4   gen() 19502 MB/s
[   15.852127] raid6: avx2x4   xor()  9979 MB/s
[   15.860219] raid6: using algorithm avx2x4 gen() 19502 MB/s
[   15.876785] raid6: .... xor() 9979 MB/s, rmw enabled
[   15.903558] raid6: using avx2x2 recovery algorithm
[   15.906938] xor: automatically using best checksumming function   avx       
[   15.921754] async_tx: api initialized (async)
done.
Begin: Running /scripts/init-premount ... done.
Begin: Mounting root file system ... Begin: Running /scripts/local-top ... done.
Begin: Running /scripts/local-premount ... [   16.004343] Btrfs loaded, crc32c=crc32c-intel
Scanning for Btrfs filesystems
done.
Warning: fsck not present, so skipping root file system
[   16.264123] EXT4-fs (sda1): mounted filesystem with ordered data mode. Opts: (null)
done.
Begin: Running /scripts/local-bottom ... done.
Begin: Running /scripts/init-bottom ... done.
[   18.011661] random: crng init done
[   18.017706] random: 7 urandom warning(s) missed due to ratelimiting
[   18.285635] ip_tables: (C) 2000-2006 Netfilter Core Team
[   18.487833] systemd[1]: systemd 237 running in system mode. (+PAM +AUDIT +SELINUX +IMA +APPARMOR +SMACK +SYSVINIT +UTMP +LIBCRYPTSETUP +GCRYPT +GNUTLS +ACL +XZ +LZ4 +SECCOMP +BLKID +ELFUTILS +KMOD -IDN2 +IDN -PCRE2 default-hierarchy=hybrid)
[   18.531224] systemd[1]: Detected virtualization oracle.
[   18.539031] systemd[1]: Detected architecture x86-64.

Welcome to [1mUbuntu 18.04.4 LTS[0m!

[   18.616937] systemd[1]: Set hostname to <ubuntu>.
[   18.709544] systemd[1]: Initializing machine ID from random generator.
[   18.728303] systemd[1]: Installed transient /etc/machine-id file.
[   21.951743] systemd[1]: Set up automount Arbitrary Executable File Formats File System Automount Point.
[[0;32m  OK  [0m] Set up automount Arbitrary Executabâ€¦rmats File System Automount Point.
[   21.983681] systemd[1]: Created slice System Slice.
[[0;32m  OK  [0m] Created slice System Slice.
[   22.018031] systemd[1]: Created slice system-serial\x2dgetty.slice.
[[0;32m  OK  [0m] Created slice system-serial\x2dgetty.slice.
[   22.072793] systemd[1]: Listening on Syslog Socket.
[[0;32m  OK  [0m] Listening on Syslog Socket.
[[0;32m  OK  [0m] Listening on Device-mapper event daemon FIFOs.
[[0;32m  OK  [0m] Reached target System Time Synchronized.
[[0;32m  OK  [0m] Listening on /dev/initctl Compatibility Named Pipe.
[[0;32m  OK  [0m] Reached target Swap.
[[0;32m  OK  [0m] Listening on LVM2 poll daemon socket.
[[0;32m  OK  [0m] Listening on Network Service Netlink Socket.
[[0;32m  OK  [0m] Listening on udev Control Socket.
[[0;32m  OK  [0m] Started Forward Password Requests to Wall Directory Watch.
[[0;32m  OK  [0m] Listening on Journal Socket.
         Mounting Huge Pages File System...
         Starting Uncomplicated firewall...
         Starting Remount Root and Kernel File Systems...
         Starting Load Kernel Modules...
         Starting Set the console keyboard layout...
[   22.480565] EXT4-fs (sda1): re-mounted. Opts: (null)
         Mounting Kernel Debug File System...
[[0;32m  OK  [0m] Listening on udev Kernel Socket.
         Starting udev Coldplug all Devices...
[[0;32m  OK  [0m] Listening on Journal Socket (/dev/log).
[[0;32m  OK  [0m] Created slice User and Session Slice.
[[0;32m  OK  [0m] Reached target Slices.
         Starting Create list of required stâ€¦ce nodes for the current kernel...
[[0;32m  OK  [0m] Listening on LVM2 metadata daemon socket.
         Starting Monitoring of LVM2 mirrorsâ€¦ng dmeventd or progress polling...
[[0;32m  OK  [0m] Reached target User and Group Name Lookups.
         Mounting POSIX Message Queue File System...
[[0;32m  OK  [0m] Listening on Journal Audit Socket.
         Starting Journal Service...
[[0;32m  OK  [0m] Mounted Huge Pages File System.
[[0;32m  OK  [0m] Started Uncomplicated firewall.
[[0;32m  OK  [0m] Started Remount Root and Kernel File Systems.
[[0;32m  OK  [0m] Mounted Kernel Debug File System.
[[0;32m  OK  [0m] Mounted POSIX Message Queue File System.
         Starting Load/Save Random Seed...
[[0;32m  OK  [0m] Started Create list of required staâ€¦vice nodes for the current kernel.
[[0;32m  OK  [0m] Started udev Coldplug all Devices.
         Starting Create Static Device Nodes in /dev...
[[0;32m  OK  [0m] Started Journal Service.
[   23.075257] Loading iSCSI transport class v2.0-870.
         Starting Flush Journal to Persistent Storage...
[   23.355641] systemd-journald[401]: Received request to flush runtime journal from PID 1
[[0;32m  OK  [0m] Started Load/Save Random Seed.
[   23.971663] iscsi: registered transport (tcp)
[[0;32m  OK  [0m] Started LVM2 metadata daemon.
[[0;32m  OK  [0m] Started Flush Journal to Persistent Storage.
[[0;32m  OK  [0m] Started Create Static Device Nodes in /dev.
         Starting udev Kernel Device Manager...
[[0;32m  OK  [0m] Started Monitoring of LVM2 mirrors,â€¦sing dmeventd or progress polling.
[[0;32m  OK  [0m] Started udev Kernel Device Manager.
[   25.190649] iscsi: registered transport (iser)
[[0;32m  OK  [0m] Started Load Kernel Modules.
         Starting Apply Kernel Variables...
         Mounting FUSE Control File System...
         Mounting Kernel Configuration File System...
[[0;32m  OK  [0m] Mounted FUSE Control File System.
[[0;32m  OK  [0m] Mounted Kernel Configuration File System.
[[0;32m  OK  [0m] Started Apply Kernel Variables.
[[0;32m  OK  [0m] Found device /dev/ttyS0.
[[0;32m  OK  [0m] Listening on Load/Save RF Kill Switch Status /dev/rfkill Watch.
[[0;32m  OK  [0m] Started Set the console keyboard layout.
[[0;32m  OK  [0m] Started Dispatch Password Requests to Console Directory Watch.
[[0;32m  OK  [0m] Reached target Local Encrypted Volumes.
[[0;32m  OK  [0m] Reached target Local File Systems (Pre).
[[0;32m  OK  [0m] Reached target Local File Systems.
         Starting AppArmor initialization...
         Starting Set console font and keymap...
         Starting Commit a transient machine-id on disk...
         Starting ebtables ruleset management...
         Starting Tell Plymouth To Write Out Runtime Data...
         Starting Create Volatile Files and Directories...
[[0;32m  OK  [0m] Started Set console font and keymap.
[[0;32m  OK  [0m] Started Tell Plymouth To Write Out Runtime Data.
[[0;32m  OK  [0m] Started Commit a transient machine-id on disk.
[[0;32m  OK  [0m] Started Create Volatile Files and Directories.
         Starting Update UTMP about System Boot/Shutdown...
[[0;32m  OK  [0m] Started Update UTMP about System Boot/Shutdown.
[[0;32m  OK  [0m] Started ebtables ruleset management.
[[0;32m  OK  [0m] Started AppArmor initialization.
         Starting Initial cloud-init job (pre-networking)...
[   42.099373] cloud-init[688]: Cloud-init v. 19.4-33-gbb4131a2-0ubuntu1~18.04.1 running 'init-local' at Tue, 18 Feb 2020 19:18:11 +0000. Up 40.38 seconds.
[[0;32m  OK  [0m] Started Initial cloud-init job (pre-networking).
[[0;32m  OK  [0m] Reached target Network (Pre).
         Starting Network Service...
[[0;32m  OK  [0m] Started Network Service.
         Starting Network Name Resolution...
         Starting Wait for Network to be Configured...
[[0;32m  OK  [0m] Started Network Name Resolution.
[[0;32m  OK  [0m] Reached target Host and Network Name Lookups.
[[0;32m  OK  [0m] Reached target Network.
[[0;32m  OK  [0m] Started Wait for Network to be Configured.
         Starting Initial cloud-init job (metadata service crawler)...
[   45.467362] cloud-init[796]: Cloud-init v. 19.4-33-gbb4131a2-0ubuntu1~18.04.1 running 'init' at Tue, 18 Feb 2020 19:18:16 +0000. Up 44.89 seconds.
[   45.472206] cloud-init[796]: ci-info: ++++++++++++++++++++++++++++++++++++++Net device info++++++++++++++++++++++++++++++++++++++
[   45.504730] cloud-init[796]: ci-info: +--------+------+----------------------------+---------------+--------+-------------------+
[   45.531373] cloud-init[796]: ci-info: | Device |  Up  |          Address           |      Mask     | Scope  |     Hw-Address    |
[   45.555212] cloud-init[796]: ci-info: +--------+------+----------------------------+---------------+--------+-------------------+
[   45.570417] cloud-init[796]: ci-info: | enp0s3 | True |         10.0.2.15          | 255.255.255.0 | global | 02:b4:6b:8c:b8:1a |
[   45.616929] cloud-init[796]: ci-info: | enp0s3 | True | fe80::b4:6bff:fe8c:b81a/64 |       .       |  link  | 02:b4:6b:8c:b8:1a |
[   45.632357] cloud-init[796]: ci-info: |   lo   | True |         127.0.0.1          |   255.0.0.0   |  host  |         .         |
[   45.667435] cloud-init[796]: ci-info: |   lo   | True |          ::1/128           |       .       |  host  |         .         |
[   45.676445] cloud-init[796]: ci-info: +--------+------+----------------------------+---------------+--------+-------------------+
[   45.700339] cloud-init[796]: ci-info: ++++++++++++++++++++++++++++Route IPv4 info+++++++++++++++++++++++++++++
[   45.709476] cloud-init[796]: ci-info: +-------+-------------+----------+-----------------+-----------+-------+
[   45.763813] cloud-init[796]: ci-info: | Route | Destination | Gateway  |     Genmask     | Interface | Flags |
[   45.791099] cloud-init[796]: ci-info: +-------+-------------+----------+-----------------+-----------+-------+
[   45.842191] cloud-init[796]: ci-info: |   0   |   0.0.0.0   | 10.0.2.2 |     0.0.0.0     |   enp0s3  |   UG  |
[   45.861587] cloud-init[796]: ci-info: |   1   |   10.0.2.0  | 0.0.0.0  |  255.255.255.0  |   enp0s3  |   U   |
[   45.893358] cloud-init[796]: ci-info: |   2   |   10.0.2.2  | 0.0.0.0  | 255.255.255.255 |   enp0s3  |   UH  |
[   45.911147] cloud-init[796]: ci-info: +-------+-------------+----------+-----------------+-----------+-------+
[   45.949866] cloud-init[796]: ci-info: +++++++++++++++++++Route IPv6 info+++++++++++++++++++
[   45.979299] cloud-init[796]: ci-info: +-------+-------------+---------+-----------+-------+
[   46.010198] cloud-init[796]: ci-info: | Route | Destination | Gateway | Interface | Flags |
[   46.042588] cloud-init[796]: ci-info: +-------+-------------+---------+-----------+-------+
[   46.074825] cloud-init[796]: ci-info: |   1   |  fe80::/64  |    ::   |   enp0s3  |   U   |
[   46.094965] cloud-init[796]: ci-info: |   3   |    local    |    ::   |   enp0s3  |   U   |
[   46.118131] cloud-init[796]: ci-info: |   4   |   ff00::/8  |    ::   |   enp0s3  |   U   |
[   46.130544] cloud-init[796]: ci-info: +-------+-------------+---------+-----------+-------+
[   55.468717] cloud-init[796]: Generating public/private rsa key pair.
[   55.489022] cloud-init[796]: Your identification has been saved in /etc/ssh/ssh_host_rsa_key.
[   55.504335] cloud-init[796]: Your public key has been saved in /etc/ssh/ssh_host_rsa_key.pub.
[   55.520882] cloud-init[796]: The key fingerprint is:
[   55.552694] cloud-init[796]: SHA256:7+D++QuwO80b+V35TCHPfy4IL2DZb5pu0/dDHwWPHhI root@ubuntu-bionic
[   55.605772] cloud-init[796]: The key's randomart image is:
[   55.628034] cloud-init[796]: +---[RSA 2048]----+
[   55.653393] cloud-init[796]: |                 |
[   55.662136] cloud-init[796]: |            E .  |
[   55.671860] cloud-init[796]: |             . + |
[[0;32m  OK  [0m] Started Initial cloud-init job (metadata service crawler).
[   55.759497] [[0;32m  OK  [0m] Reached target System Initialization.
cloud-init[796]: |            . o o|
         Starting Socket activation for snappy daemon.
[   55.828566] cloud-init[796]: |        So   + o.|
[   55.858149] cloud-init[796]: |        ++o.  =oo|
[[0;32m  OK  [0m] Started ACPI Events Check.
[   55.871076] [[0;32m  OK  [0m] Started Discard unused blocks once a week.
[[0;32m  OK  [0m] Listening on D-Bus System Message Bus Socket.
[[0;32m  OK  [0m] Listening on ACPID Listen Socket.
[[0;32m  OK  [0m] Listening on UUID daemon activation socket.
cloud-init[796]: |       .o+== ..+=|
[   55.912100] cloud-init[796]: |       ..+***.o==|
         Starting LXD - unix socket.
[[0;32m  OK  [0m] Reached target Paths.
[[0;32m  OK  [0m] Listening on Open-iSCSI iscsid Socket.
[[0;32m  OK  [0m] Started Message of the Day.
[[0;32m  OK  [0m] Started Daily Cleanup of Temporary Directories.
[   55.922147] cloud-init[796]: |       .+=OB+o.+O|
[[0;32m  OK  [0m] Started Daily apt download activities.
[   56.028492] [[0;32m  OK  [0m] Started Daily apt upgrade and clean activities.
[[0;32m  OK  [0m] Reached target Timers.
[[0;32m  OK  [0m] Reached target Cloud-config availability.
[[0;32m  OK  [0m] Reached target Network is Online.
cloud-init[796]: +----[SHA256]-----+
[[0;32m  OK  [0m] Reached target Remote File Systems (Pre).
[[0;32m  OK  [0m] Reached target Remote File Systems.
[   56.085587] cloud-init[796]: Generating public/private dsa key pair.
         Starting Availability of block devices...
[[0;32m  OK  [0m] Listening on Socket activation for snappy daemon.
[   56.164775] [[0;32m  OK  [0m] Listening on LXD - unix socket.
[[0;32m  OK  [0m] Reached target Sockets.
[[0;32m  OK  [0m] Reached target Basic System.
cloud-init[796]: Your identification has been saved in /etc/ssh/ssh_host_dsa_key.         Starting Login Service...

         Starting LSB: Record successful boot for GRUB...
[   56.236644] cloud-init[796]: Your public key has been saved in /etc/ssh/ssh_host_dsa_key.pub.[
[0;32m  OK  [0m] Started D-Bus System Message Bus.
[   56.300919] cloud-init[796]: The key fingerprint is:
[   56.315764] cloud-init[796]: SHA256:zVqjwkL1sWou/oP00T7nXd6zWNjXK7qdYMX2yOEYPio root@ubuntu-bionic
[   56.335782] cloud-init[796]: The key's randomart image is:
[   56.363910] cloud-init[796]: +---[DSA 1024]----+
[   56.396864] cloud-init[796]: |                 |
[   56.406025] cloud-init[796]: |                 |
[   56.421537] cloud-init[796]: |      . .        |
[   56.443222] cloud-init[796]: |     . . =  .    |
[   56.490302] cloud-init[796]: |    .  .S =. =   |
[   56.499536] cloud-init[796]: |   ......+..B * .|
[   56.510139] cloud-init[796]: |   ..o=oo  * =.+o|
[   56.520935] cloud-init[796]: |    o+oEo +.+++oo|
[   56.549205] cloud-init[796]: |   ..oo..=.o++oo+|
[   56.558370] cloud-init[796]: +----[SHA256]-----+
[   56.571974] cloud-init[796]: Generating public/private ecdsa key pair.
[   56.587233] cloud-init[796]: Your identification has been saved in /etc/ssh/ssh_host_ecdsa_key.
[   56.599485] cloud-init[796]: Your public key has been saved in /etc/ssh/ssh_host_ecdsa_key.pub.
[   56.614125] cloud-init[796]: The key fingerprint is:
[   56.623581] cloud-init[796]: SHA256:W+d2r1pDHHOXp0pQYMgbmGjW84u7KlaUWuu/zqz5Ep0 root@ubuntu-bionic
[   56.635562] cloud-init[796]: The key's randomart image is:
[   56.663591] cloud-init[796]:          Starting System Logging Service...
+---[ECDSA 256]---+
         Starting Snappy daemon...
[   56.730733] cloud-init[796]: |     o + .o..    |
[   56.778863] cloud-init[796]: |    + = +. .    .|
[   56.783912] cloud-init[796]: |   o . o o.   o.+|
[   56.790365] [[0;32m  OK  [0mcloud-init[796]: |    +   o  . . =o|
[   56.797210] cloud-init[796]: |   + o oS.. o +  |
[   56.798681] cloud-init[796]: |  . + E .o + o   |
[   56.803235] cloud-init[796]: |   o . ..   + +  |
[   56.806152] cloud-init[796]: |  o o+.    . o o |
[   56.807725] cloud-init[796]: | . .+BOo    .....|
] Started Deferred execution scheduler.
[   56.811097] cloud-init[796]: +----[SHA256]-----+
[   56.881548] cloud-init[796]: Generating public/private ed25519 key pair.
[   56.891889] cloud-init[796]: Your identification has been saved in /etc/ssh/ssh_host_ed25519_key.
[   56.906180] cloud-init[796]: Your public key has been saved in /etc/ssh/ssh_host_ed25519_key.pub.
[   56.930236] cloud-init[796]: The key fingerprint is:
[   56.941689] cloud-init[796]: SHA256:lu3u51NnjBy7h3UODjlfxS8zAbTu06uUriM/U93xWgs root@ubuntu-bionic
         Starting Dispatcher daemon for systemd-networkd...
[   56.998453] cloud-init[796]: The key's randomart image is:
[   57.017255] cloud-init[796]: +--[ED25519 256]--+
[   57.028529] cloud-init[796]: |           ..    |
[   57.034273] cloud-init[796]: |            ..   |
[   57.039532] cloud-init[796]: |            .. . |
[   57.045749] cloud-init[796]: |         o .  o.o|
[   57.074194] cloud-init[796]: |        S . .+ B=|
[   57.093710] cloud-init[796]: |       . . .=E@ %|
[   57.098857] cloud-init[796]: |          ..=*o/o|
[   57.104819] cloud-init[796]: |        ..+oo.*oo|
[   57.113149] cloud-init[796]: |         +=B+o.. |
[   57.119089] cloud-init[796]: +----[SHA256]-----+
[[0;32m  OK  [0m] Started Regular background program processing daemon.
         Starting LXD - container startup/shutdown...
[[0;32m  OK  [0m] Started FUSE filesystem for LXC.
         Starting Permit User Sessions...
         Starting Pollinate to seed the pseudo random number generator...
         Starting LSB: automatic crash report generation...
[[0;32m  OK  [0m] Started irqbalance daemon.
         Starting Virtualbox guest utils...
         Starting Accounts Service...
[[0;32m  OK  [0m] Started System Logging Service.
[[0;32m  OK  [0m] Started Availability of block devices.
[[0;32m  OK  [0m] Started Permit User Sessions.
[[0;32m  OK  [0m] Started Login Service.
[[0;32m  OK  [0m] Started Unattended Upgrades Shutdown.
         Starting Hold until boot process finishes up...
         Starting Terminate Plymouth Boot Screen...
[[0;32m  OK  [0m] Started Hold until boot process finishes up.
         Starting Set console scheme...
[[0;32m  OK  [0m] Started Serial Getty on ttyS0.
[[0;32m  OK  [0m] Started Terminate Plymouth Boot Screen.
[[0;32m  OK  [0m] Started Set console scheme.
[[0;32m  OK  [0m] Created slice system-getty.slice.
[[0;32m  OK  [0m] Started Getty on tty1.
[[0;32m  OK  [0m] Reached target Login Prompts.
[[0;32m  OK  [0m] Started LSB: automatic crash report generation.
[[0;32m  OK  [0m] Started LSB: Record successful boot for GRUB.
         Starting Authorization Manager...

Ubuntu 18.04.4 LTS ubuntu-bionic ttyS0

ubuntu-bionic login: [   97.060980] cloud-init[1418]: Cloud-init v. 19.4-33-gbb4131a2-0ubuntu1~18.04.1 running 'modules:config' at Tue, 18 Feb 2020 19:19:01 +0000. Up 90.17 seconds.
ci-info: no authorized SSH keys fingerprints found for user ubuntu.
<14>Feb 18 19:19:17 ec2: 
<14>Feb 18 19:19:17 ec2: #############################################################
<14>Feb 18 19:19:17 ec2: -----BEGIN SSH HOST KEY FINGERPRINTS-----
<14>Feb 18 19:19:17 ec2: 1024 SHA256:zVqjwkL1sWou/oP00T7nXd6zWNjXK7qdYMX2yOEYPio root@ubuntu-bionic (DSA)
<14>Feb 18 19:19:17 ec2: 256 SHA256:W+d2r1pDHHOXp0pQYMgbmGjW84u7KlaUWuu/zqz5Ep0 root@ubuntu-bionic (ECDSA)
<14>Feb 18 19:19:17 ec2: 256 SHA256:lu3u51NnjBy7h3UODjlfxS8zAbTu06uUriM/U93xWgs root@ubuntu-bionic (ED25519)
<14>Feb 18 19:19:17 ec2: 2048 SHA256:7+D++QuwO80b+V35TCHPfy4IL2DZb5pu0/dDHwWPHhI root@ubuntu-bionic (RSA)
<14>Feb 18 19:19:17 ec2: -----END SSH HOST KEY FINGERPRINTS-----
<14>Feb 18 19:19:17 ec2: #############################################################
-----BEGIN SSH HOST KEY KEYS-----
ecdsa-sha2-nistp256 AAAAE2VjZHNhLXNoYTItbmlzdHAyNTYAAAAIbmlzdHAyNTYAAABBBBKlyDJqdsLrliZc1QBufBOZig44eumi2sZ2qqFkSvBbkka0ISs8NVwU8kAnHQm9JJ4OMc/sZcczV+oJB7GlO0o= root@ubuntu-bionic
ssh-ed25519 AAAAC3NzaC1lZDI1NTE5AAAAIAXeZFdPEJnNDeRRYI8tZ1MgkWJ+rnXVUGrmM6rKDmZr root@ubuntu-bionic
ssh-rsa AAAAB3NzaC1yc2EAAAADAQABAAABAQCw7u3gneQZE53usdF3QhwFjPl6dZycDqQESp4YNsCnzpnGa0wBKW2v4YEhTjqu/dGpcwp7PST6N7IeK3YWvB8Ansg+X+P2f9T1L7Ey31cT6KeucfigICNJPvUR41CgnDNDtjzFEbKHSdPBdD04rKD3sG8qKZ0qkS7QzGLsa+WfpSpIegY/cbGrLyDHDycE3acjHur7pie1tYXPZqQ2EjcMY4Y2PGBjP+anoNhKAbhY29IwV9ewvKwFnFPjhyv2l54fgM46DG4cmPw8yN6+4PFKaYtW1vgTut6lSZ8oP2ERaQcY/Ru+G2mutoNALp4NOQva6NV2DsASWsYIe0VEPF6/ root@ubuntu-bionic
-----END SSH HOST KEY KEYS-----
[  106.602079] cloud-init[1580]: Cloud-init v. 19.4-33-gbb4131a2-0ubuntu1~18.04.1 running 'modules:final' at Tue, 18 Feb 2020 19:19:15 +0000. Up 104.05 seconds.
[  106.603947] cloud-init[1580]: ci-info: no authorized SSH keys fingerprints found for user ubuntu.
[  106.607345] cloud-init[1580]: Cloud-init v. 19.4-33-gbb4131a2-0ubuntu1~18.04.1 finished at Tue, 18 Feb 2020 19:19:17 +0000. Datasource DataSourceNoCloud [seed=/dev/sdb][dsmode=net].  Up 106.47 seconds
